// Jest Snapshot v1, https://goo.gl/fbAQLP

exports[`Login Snapshot Tests matching the snapshot 1`] = `
Object {
  "asFragment": [Function],
  "baseElement": <body>
    <div>
      <div
        class="container"
      >
        <form
          class="justify-content-center"
        >
          <div
            class="row"
          >
            <h3
              class="col"
              style="text-align: center; padding-top: 50px;"
            >
              Employee Polls
            </h3>
          </div>
          <div
            class="row justify-content-center"
          >
            <img
              alt="login"
              src="login.gif"
              style="width: 200px; height: 200px;"
            />
          </div>
          <div
            class="Row"
          />
          <div
            class="row"
          >
            <div
              class="col"
              style="text-align: center; padding-top: 10px;"
            >
              User
            </div>
          </div>
          <div
            class="row justify-content-center"
          >
            <div
              class="col"
              style="padding-top: 10px;"
            >
              <input
                class="form-control"
                data-testid="username"
                name="username"
                style="width: 70%; display: block; margin-right: auto; margin-left: auto;"
                type="text"
              />
            </div>
          </div>
          <div
            class="row"
          >
            <div
              class="col"
              style="text-align: center; padding-top: 10px;"
            >
              Password
            </div>
          </div>
          <div
            class="row justify-content-center"
          >
            <div
              class="col"
              style="padding-top: 10px;"
            >
              <input
                class="form-control"
                data-testid="password"
                name="password"
                style="width: 70%; display: block; margin-right: auto; margin-left: auto;"
                type="password"
              />
            </div>
          </div>
          <br />
          <br />
          <div
            class="row justify-content-center"
          >
            <div
              class="col"
              style="padding-top: 0px;"
            >
              <button
                class="btn btn-primary "
                data-testid="submit-button"
                name="submitLogin"
                style="width: 20%; display: block; margin-right: auto; margin-left: auto;"
                type="submit"
              >
                Submit
              </button>
            </div>
          </div>
        </form>
      </div>
    </div>
  </body>,
  "container": <div>
    <div
      class="container"
    >
      <form
        class="justify-content-center"
      >
        <div
          class="row"
        >
          <h3
            class="col"
            style="text-align: center; padding-top: 50px;"
          >
            Employee Polls
          </h3>
        </div>
        <div
          class="row justify-content-center"
        >
          <img
            alt="login"
            src="login.gif"
            style="width: 200px; height: 200px;"
          />
        </div>
        <div
          class="Row"
        />
        <div
          class="row"
        >
          <div
            class="col"
            style="text-align: center; padding-top: 10px;"
          >
            User
          </div>
        </div>
        <div
          class="row justify-content-center"
        >
          <div
            class="col"
            style="padding-top: 10px;"
          >
            <input
              class="form-control"
              data-testid="username"
              name="username"
              style="width: 70%; display: block; margin-right: auto; margin-left: auto;"
              type="text"
            />
          </div>
        </div>
        <div
          class="row"
        >
          <div
            class="col"
            style="text-align: center; padding-top: 10px;"
          >
            Password
          </div>
        </div>
        <div
          class="row justify-content-center"
        >
          <div
            class="col"
            style="padding-top: 10px;"
          >
            <input
              class="form-control"
              data-testid="password"
              name="password"
              style="width: 70%; display: block; margin-right: auto; margin-left: auto;"
              type="password"
            />
          </div>
        </div>
        <br />
        <br />
        <div
          class="row justify-content-center"
        >
          <div
            class="col"
            style="padding-top: 0px;"
          >
            <button
              class="btn btn-primary "
              data-testid="submit-button"
              name="submitLogin"
              style="width: 20%; display: block; margin-right: auto; margin-left: auto;"
              type="submit"
            >
              Submit
            </button>
          </div>
        </div>
      </form>
    </div>
  </div>,
  "debug": [Function],
  "findAllByAltText": [Function],
  "findAllByDisplayValue": [Function],
  "findAllByLabelText": [Function],
  "findAllByPlaceholderText": [Function],
  "findAllByRole": [Function],
  "findAllByTestId": [Function],
  "findAllByText": [Function],
  "findAllByTitle": [Function],
  "findByAltText": [Function],
  "findByDisplayValue": [Function],
  "findByLabelText": [Function],
  "findByPlaceholderText": [Function],
  "findByRole": [Function],
  "findByTestId": [Function],
  "findByText": [Function],
  "findByTitle": [Function],
  "getAllByAltText": [Function],
  "getAllByDisplayValue": [Function],
  "getAllByLabelText": [Function],
  "getAllByPlaceholderText": [Function],
  "getAllByRole": [Function],
  "getAllByTestId": [Function],
  "getAllByText": [Function],
  "getAllByTitle": [Function],
  "getByAltText": [Function],
  "getByDisplayValue": [Function],
  "getByLabelText": [Function],
  "getByPlaceholderText": [Function],
  "getByRole": [Function],
  "getByTestId": [Function],
  "getByText": [Function],
  "getByTitle": [Function],
  "queryAllByAltText": [Function],
  "queryAllByDisplayValue": [Function],
  "queryAllByLabelText": [Function],
  "queryAllByPlaceholderText": [Function],
  "queryAllByRole": [Function],
  "queryAllByTestId": [Function],
  "queryAllByText": [Function],
  "queryAllByTitle": [Function],
  "queryByAltText": [Function],
  "queryByDisplayValue": [Function],
  "queryByLabelText": [Function],
  "queryByPlaceholderText": [Function],
  "queryByRole": [Function],
  "queryByTestId": [Function],
  "queryByText": [Function],
  "queryByTitle": [Function],
  "rerender": [Function],
  "unmount": [Function],
}
`;
