// Jest Snapshot v1, https://goo.gl/fbAQLP

exports[`Add Question Snapshot Tests matching the snapshot 1`] = `
Object {
  "asFragment": [Function],
  "baseElement": <body>
    <div>
      <div
        class="container text-center"
      >
        <div
          class="container"
        >
          <br />
          <div
            class="row"
          >
            <div
              class="col"
            >
              <div
                class="row"
              >
                <div
                  class="col"
                >
                  Home
                </div>
                <div
                  class="col"
                >
                  <a
                    href="/leaderboard"
                  >
                    Leaderboard
                  </a>
                </div>
                <div
                  class="col"
                >
                  <a
                    href="/add"
                  >
                    New
                  </a>
                </div>
              </div>
            </div>
            <div
              class="col"
            />
            <div
              class="col-md-auto text-end"
            >
              <img
                alt=""
                src=""
                style="width: 20px; height: 20px;"
              />
            </div>
            <div
              class="col col-lg-2 text-end"
            >
              <a
                href="/"
              >
                Logout
              </a>
            </div>
          </div>
          <hr />
        </div>
        <form
          class="justify-content-center"
        >
          <div
            class="row"
          >
            <h3
              class="col"
              style="text-align: center; padding-top: 50px;"
            >
              Would You Rather
            </h3>
          </div>
          <div
            class="row"
          >
            <h5
              class="col"
              style="text-align: center; padding-top: 20px;"
            >
              Create Your own Poll
            </h5>
          </div>
          <div
            class="row"
          >
            <div
              class="col"
              style="text-align: center; padding-top: 10px;"
            >
              First Option
            </div>
          </div>
          <div
            class="row justify-content-center"
          >
            <div
              class="col"
              style="padding-top: 10px;"
            >
              <input
                class="form-control"
                name="FirstOption"
                style="width: 70%; display: block; margin-right: auto; margin-left: auto;"
                type="text"
              />
            </div>
          </div>
          <div
            class="row"
          >
            <div
              class="col"
              style="text-align: center; padding-top: 10px;"
            >
              Second Option
            </div>
          </div>
          <div
            class="row justify-content-center"
          >
            <div
              class="col"
              style="padding-top: 10px;"
            >
              <input
                class="form-control"
                name="SecondOption"
                style="width: 70%; display: block; margin-right: auto; margin-left: auto;"
                type="text"
              />
            </div>
          </div>
          <br />
          <br />
          <div
            class="row justify-content-center"
          >
            <div
              class="col"
              style="padding-top: 10px;"
            >
              <button
                class="btn btn-primary "
                name="submitNewPoll"
                style="width: 20%; display: block; margin-right: auto; margin-left: auto;"
                type="submit"
              >
                Submit
                 
              </button>
            </div>
          </div>
        </form>
      </div>
    </div>
  </body>,
  "container": <div>
    <div
      class="container text-center"
    >
      <div
        class="container"
      >
        <br />
        <div
          class="row"
        >
          <div
            class="col"
          >
            <div
              class="row"
            >
              <div
                class="col"
              >
                Home
              </div>
              <div
                class="col"
              >
                <a
                  href="/leaderboard"
                >
                  Leaderboard
                </a>
              </div>
              <div
                class="col"
              >
                <a
                  href="/add"
                >
                  New
                </a>
              </div>
            </div>
          </div>
          <div
            class="col"
          />
          <div
            class="col-md-auto text-end"
          >
            <img
              alt=""
              src=""
              style="width: 20px; height: 20px;"
            />
          </div>
          <div
            class="col col-lg-2 text-end"
          >
            <a
              href="/"
            >
              Logout
            </a>
          </div>
        </div>
        <hr />
      </div>
      <form
        class="justify-content-center"
      >
        <div
          class="row"
        >
          <h3
            class="col"
            style="text-align: center; padding-top: 50px;"
          >
            Would You Rather
          </h3>
        </div>
        <div
          class="row"
        >
          <h5
            class="col"
            style="text-align: center; padding-top: 20px;"
          >
            Create Your own Poll
          </h5>
        </div>
        <div
          class="row"
        >
          <div
            class="col"
            style="text-align: center; padding-top: 10px;"
          >
            First Option
          </div>
        </div>
        <div
          class="row justify-content-center"
        >
          <div
            class="col"
            style="padding-top: 10px;"
          >
            <input
              class="form-control"
              name="FirstOption"
              style="width: 70%; display: block; margin-right: auto; margin-left: auto;"
              type="text"
            />
          </div>
        </div>
        <div
          class="row"
        >
          <div
            class="col"
            style="text-align: center; padding-top: 10px;"
          >
            Second Option
          </div>
        </div>
        <div
          class="row justify-content-center"
        >
          <div
            class="col"
            style="padding-top: 10px;"
          >
            <input
              class="form-control"
              name="SecondOption"
              style="width: 70%; display: block; margin-right: auto; margin-left: auto;"
              type="text"
            />
          </div>
        </div>
        <br />
        <br />
        <div
          class="row justify-content-center"
        >
          <div
            class="col"
            style="padding-top: 10px;"
          >
            <button
              class="btn btn-primary "
              name="submitNewPoll"
              style="width: 20%; display: block; margin-right: auto; margin-left: auto;"
              type="submit"
            >
              Submit
               
            </button>
          </div>
        </div>
      </form>
    </div>
  </div>,
  "debug": [Function],
  "findAllByAltText": [Function],
  "findAllByDisplayValue": [Function],
  "findAllByLabelText": [Function],
  "findAllByPlaceholderText": [Function],
  "findAllByRole": [Function],
  "findAllByTestId": [Function],
  "findAllByText": [Function],
  "findAllByTitle": [Function],
  "findByAltText": [Function],
  "findByDisplayValue": [Function],
  "findByLabelText": [Function],
  "findByPlaceholderText": [Function],
  "findByRole": [Function],
  "findByTestId": [Function],
  "findByText": [Function],
  "findByTitle": [Function],
  "getAllByAltText": [Function],
  "getAllByDisplayValue": [Function],
  "getAllByLabelText": [Function],
  "getAllByPlaceholderText": [Function],
  "getAllByRole": [Function],
  "getAllByTestId": [Function],
  "getAllByText": [Function],
  "getAllByTitle": [Function],
  "getByAltText": [Function],
  "getByDisplayValue": [Function],
  "getByLabelText": [Function],
  "getByPlaceholderText": [Function],
  "getByRole": [Function],
  "getByTestId": [Function],
  "getByText": [Function],
  "getByTitle": [Function],
  "queryAllByAltText": [Function],
  "queryAllByDisplayValue": [Function],
  "queryAllByLabelText": [Function],
  "queryAllByPlaceholderText": [Function],
  "queryAllByRole": [Function],
  "queryAllByTestId": [Function],
  "queryAllByText": [Function],
  "queryAllByTitle": [Function],
  "queryByAltText": [Function],
  "queryByDisplayValue": [Function],
  "queryByLabelText": [Function],
  "queryByPlaceholderText": [Function],
  "queryByRole": [Function],
  "queryByTestId": [Function],
  "queryByText": [Function],
  "queryByTitle": [Function],
  "rerender": [Function],
  "unmount": [Function],
}
`;
